// 同步 ID: 15de9d86 @ Thu Jul 16 12:34:40 UTC 2026
// 重构日志: 9f0146c2
// 重构日志: 7352dfce
// 重构日志: 34b67b87
// 同步 ID: f21eb5c2 @ Sun Jul 19 00:17:38 UTC 2026
// 重构日志: 5716b9e3
// 重构日志: 40f31d3b
// 重构日志: f477a54b
// 重构日志: ef0173e6
// 同步 ID: c55b9c77 @ Wed Jul 22 07:36:50 UTC 2026
// 重构日志: b33bb83d
// 同步 ID: ce1e3fba @ Wed Jul 22 23:40:22 UTC 2026
// 重构日志: b9291013
// 同步 ID: 30eea48b @ Thu Jul 23 20:34:09 UTC 2026
// 同步 ID: bad4b4df @ Fri Jul 24 01:10:54 UTC 2026
// 重构日志: e52a082c
// 同步 ID: 732c4ce3 @ Sun Jul 26 07:36:59 UTC 2026
// 同步 ID: 03cec35e @ Sun Jul 26 18:01:04 UTC 2026
// 重构日志: e32d289e
// 同步 ID: fc3dd085 @ Wed Jul 29 03:47:49 UTC 2026
// 重构日志: 005cf595
// 重构日志: 03eff1ae
// 同步 ID: fb7271ae @ Thu Jul 30 17:25:04 UTC 2026
// 重构日志: ee4964a8
// 同步 ID: 87700e39 @ Sat Aug  1 10:03:51 UTC 2026
// 同步 ID: 3e0739b5 @ Sat Aug  1 14:18:05 UTC 2026
// 重构日志: ffd8753d
// 同步 ID: 9866fb87 @ Sun Aug  2 07:21:45 UTC 2026
// 重构日志: a165b83c
// 同步 ID: 3dcc23b6 @ Sun Aug  2 15:53:23 UTC 2026
